served 1
served 2
served 3
served 4
served 5
served 6
served 7
served 8
served 9
served 10
served 11
served 12
served 13
served 14
served 15
served 16
served 17
served 18
served 19
served 20
served 21
served 22
served 23
served 24
served 25
served 26
served 27
served 28
served 29
served 30
served 31
served 32
served 33
served 34
served 35
served 36
served 37
served 38
served 39
served 40
served 41
served 42
served 43
served 44
served 45
served 46
served 47
served 48
served 49
served 50
served 51
served 52
served 53
served 54
served 55
served 56
served 57
served 58
served 59
served 60
served 61
served 62
served 63
served 64
served 65
served 66
served 67
served 68
served 69
served 70
served 71
served 72
served 73
served 74
served 75
served 76
served 77
served 78
served 79
served 80
served 81
served 82
served 83
served 84
served 85
served 86
served 87
served 88
served 89
served 90
served 91
served 92
served 93
served 94
served 95
served 96
served 97
served 98
served 99
served 100
served 101
served 102
served 103
served 104
served 105
served 106
served 107
served 108
served 109
served 110
served 111
served 112
served 113
served 114
served 115
served 116
served 117
served 118
served 119
served 120
served 121
served 122
served 123
served 124
served 125
served 126
served 127
served 128
served 129
served 130
served 131
served 132
served 133
served 134
served 135
served 136
served 137
served 138
served 139
served 140
served 141
served 142
served 143
served 144
served 145
served 146
served 147
served 148
served 149
served 150
served 151
served 152
served 153
served 154
served 155
served 156
served 157
served 158
served 159
served 160
served 161
served 162
served 163
served 164
served 165
served 166
served 167
served 168
served 169
served 170
served 171
served 172
served 173
served 174
served 175
served 176
served 177
served 178
served 179
served 180
served 181
served 182
served 183
served 184
served 185
served 186
served 187
served 188
served 189
served 190
served 191
served 192
served 193
served 194
served 195
served 196
served 197
served 198
served 199
served 200
served 201
served 202
served 203
served 204
served 205
served 206
served 207
served 208
served 209
served 210
served 211
served 212
served 213
served 214
served 215
served 216
served 217
served 218
served 219
served 220
served 221
served 222
served 223
served 224
served 225
served 226
served 227
served 228
served 229
served 230
served 231
served 232
served 233
served 234
served 235
served 236
served 237
served 238
served 239
served 240
served 241
served 242
served 243
served 244
served 245
served 246
served 247
served 248
served 249
served 250
served 251
served 252
served 253
served 254
served 255
served 256
served 257
served 258
served 259
served 260
served 261
served 262
served 263
served 264
served 265
served 266
served 267
served 268
served 269
served 270
served 271
served 272
served 273
served 274
served 275
served 276
served 277
served 278
served 279
served 280
served 281
served 282
served 283
served 284
served 285
served 286
served 287
served 288
served 289
served 290
served 291
served 292
served 293
served 294
served 295
served 296
served 297
served 298
served 299
served 300
served 301
served 302
served 303
served 304
served 305
served 306
served 307
served 308
served 309
served 310
served 311
served 312
served 313
served 314
served 315
served 316
served 317
served 318
served 319
served 320
served 321
served 322
served 323
served 324
served 325
served 326
served 327
served 328
served 329
served 330
Traceback (most recent call last):
  File "/mnt/c/Users/israk/OneDrive - Simon Fraser University (1sfu)/Desktop/study/cmpt 371/WebServer/WebServer/server.py", line 304, in <module>
    main()
    ~~~~^^
  File "/mnt/c/Users/israk/OneDrive - Simon Fraser University (1sfu)/Desktop/study/cmpt 371/WebServer/WebServer/server.py", line 297, in main
    conn, addr = listener.accept()
                 ~~~~~~~~~~~~~~~^^
  File "/usr/lib/python3.14/socket.py", line 298, in accept
    fd, addr = self._accept()
               ~~~~~~~~~~~~^^
KeyboardInterrupt
